[20:57:20][INFO] ================================================================================
[20:57:20][INFO] MASTER HYPERPARAMETER TUNING ORCHESTRATION
[20:57:20][INFO] ================================================================================
[20:57:20][INFO] Model: models/tsp_100_model_63108.pt
[20:57:20][INFO] Instances: instances/tsp/test/tsp100_10inst_w_optimal.pkl
[20:57:20][INFO] Trials per optimizer: 1
[20:57:20][INFO] Tuning instances: 1
[20:57:20][INFO] Batch size: 300
[20:57:20][INFO] Time limit: 75.0s per instance
[20:57:20][INFO] Seed: 1234
[20:57:20][INFO] Resume existing studies: False
[20:57:20][INFO] Log file: logs/master_tuning_20251112_205720.log
[20:57:20][INFO] --------------------------------------------------------------------------------
[20:57:20][INFO] Total optimizers to tune: 1
[20:57:20][INFO] Optimizers: de
[20:57:20][INFO] Estimated total time: 3.1 hours
[20:57:20][INFO]   (Assuming ~3.1 hours per optimizer with 50 trials)
[20:57:20][INFO] ================================================================================
[20:57:20][INFO] 
================================================================================
[20:57:20][INFO] OPTIMIZER 1/1
[20:57:20][INFO] ================================================================================

[20:57:20][INFO] ================================================================================
[20:57:20][INFO] STARTING TUNING: Standard DE (de)
[20:57:20][INFO] ================================================================================
[20:57:20][INFO] Script: optuna_de_tune.py
[20:57:20][INFO] Tunable parameters: mutate, recombination
[20:57:20][INFO] Command: uv run python optuna_de_tune.py --model_path models/tsp_100_model_63108.pt --instances_path instances/tsp/test/tsp100_10inst_w_optimal.pkl --n_trials 1 --tune_n_instances 1 --batch_size 300 --search_timelimit 75 --seed 1234 --load_if_exists
[20:57:20][INFO] --------------------------------------------------------------------------------
[20:58:29][INFO] --------------------------------------------------------------------------------
[20:58:29][INFO] ✓ COMPLETED: Standard DE
[20:58:29][INFO]   Duration: 68.5 seconds (1.1 minutes)
[20:58:29][INFO] ================================================================================
[20:58:29][INFO] 
Progress: 1/1 optimizers completed
[20:58:29][INFO] Elapsed time: 0.02 hours
[20:58:29][INFO] Estimated remaining time: 0.00 hours
[20:58:29][INFO] Estimated total time: 0.02 hours

[20:58:29][INFO] ================================================================================
[20:58:29][INFO] MASTER TUNING SUMMARY
[20:58:29][INFO] ================================================================================
[20:58:29][INFO] Total optimizers: 1
[20:58:29][INFO] Successful: 1
[20:58:29][INFO] Failed: 0
[20:58:29][INFO] Total duration: 0.02 hours (1.1 minutes)
[20:58:29][INFO] Summary saved to: tuning_summary.json
[20:58:29][INFO] ================================================================================
[20:58:29][INFO] 
Successful tunings:
[20:58:29][INFO]   ✓ Standard DE (de) - 1.1 min
[20:58:29][INFO] 
✓ All optimizers tuned successfully!
