[20:26:40][INFO] ================================================================================
[20:26:40][INFO] MASTER HYPERPARAMETER TUNING ORCHESTRATION
[20:26:40][INFO] ================================================================================
[20:26:40][INFO] Model: models/tsp_100_model_63108.pt
[20:26:40][INFO] Instances: instances/tsp/test/tsp100_10inst_w_optimal.pkl
[20:26:40][INFO] Trials per optimizer: 50
[20:26:40][INFO] Tuning instances: 3
[20:26:40][INFO] Batch size: 600
[20:26:40][INFO] Time limit: 75.0s per instance
[20:26:40][INFO] Seed: 1234
[20:26:40][INFO] Resume existing studies: False
[20:26:40][INFO] Log file: logs/master_tuning_20251112_202640.log
[20:26:40][INFO] --------------------------------------------------------------------------------
[20:26:40][INFO] Total optimizers to tune: 9
[20:26:40][INFO] Optimizers: de, ode, code, shade, sade, cmaes, ipop, bipop, scipy_de
[20:26:40][INFO] Estimated total time: 27.9 hours
[20:26:40][INFO]   (Assuming ~3.1 hours per optimizer with 50 trials)
[20:26:40][INFO] ================================================================================
[20:26:40][INFO] 
================================================================================
[20:26:40][INFO] OPTIMIZER 1/9
[20:26:40][INFO] ================================================================================

[20:26:40][INFO] ================================================================================
[20:26:40][INFO] STARTING TUNING: Standard DE (de)
[20:26:40][INFO] ================================================================================
[20:26:40][INFO] Script: optuna_de_tune.py
[20:26:40][INFO] Tunable parameters: mutate, recombination
[20:26:40][INFO] Command: uv run python optuna_de_tune.py --model_path models/tsp_100_model_63108.pt --instances_path instances/tsp/test/tsp100_10inst_w_optimal.pkl --n_trials 50 --tune_n_instances 3 --batch_size 600 --search_timelimit 75 --seed 1234
[20:26:40][INFO] --------------------------------------------------------------------------------
[20:26:45][ERROR] --------------------------------------------------------------------------------
[20:26:45][ERROR] ✗ FAILED: Standard DE
[20:26:45][ERROR]   Error: Process returned non-zero exit code: 1
[20:26:45][ERROR]   Duration before failure: 4.4 seconds
[20:26:45][ERROR] ================================================================================
[20:26:45][INFO] 
Progress: 1/9 optimizers completed
[20:26:45][INFO] Elapsed time: 0.00 hours
[20:26:45][INFO] Estimated remaining time: 0.01 hours
[20:26:45][INFO] Estimated total time: 0.01 hours

[20:26:45][INFO] 
================================================================================
[20:26:45][INFO] OPTIMIZER 2/9
[20:26:45][INFO] ================================================================================

[20:26:45][INFO] ================================================================================
[20:26:45][INFO] STARTING TUNING: EvoX ODE (ode)
[20:26:45][INFO] ================================================================================
[20:26:45][INFO] Script: optuna_ode_tune.py
[20:26:45][INFO] Tunable parameters: base_vector, num_difference_vectors, differential_weight, cross_probability
[20:26:45][INFO] Command: uv run python optuna_ode_tune.py --model_path models/tsp_100_model_63108.pt --instances_path instances/tsp/test/tsp100_10inst_w_optimal.pkl --n_trials 50 --tune_n_instances 3 --batch_size 600 --search_timelimit 75 --seed 1234
[20:26:45][INFO] --------------------------------------------------------------------------------
[20:26:49][ERROR] --------------------------------------------------------------------------------
[20:26:49][ERROR] ✗ FAILED: EvoX ODE
[20:26:49][ERROR]   Error: Process returned non-zero exit code: 1
[20:26:49][ERROR]   Duration before failure: 4.4 seconds
[20:26:49][ERROR] ================================================================================
[20:26:49][INFO] 
Progress: 2/9 optimizers completed
[20:26:49][INFO] Elapsed time: 0.00 hours
[20:26:49][INFO] Estimated remaining time: 0.01 hours
[20:26:49][INFO] Estimated total time: 0.01 hours

[20:26:49][INFO] 
================================================================================
[20:26:49][INFO] OPTIMIZER 3/9
[20:26:49][INFO] ================================================================================

[20:26:49][INFO] ================================================================================
[20:26:49][INFO] STARTING TUNING: EvoX CoDE (code)
[20:26:49][INFO] ================================================================================
[20:26:49][INFO] Script: optuna_code_tune.py
[20:26:49][INFO] Tunable parameters: diff_padding_num, replace
[20:26:49][INFO] Command: uv run python optuna_code_tune.py --model_path models/tsp_100_model_63108.pt --instances_path instances/tsp/test/tsp100_10inst_w_optimal.pkl --n_trials 50 --tune_n_instances 3 --batch_size 600 --search_timelimit 75 --seed 1234
[20:26:49][INFO] --------------------------------------------------------------------------------
[20:30:43][ERROR] --------------------------------------------------------------------------------
[20:30:43][ERROR] ✗ FAILED: EvoX CoDE
[20:30:43][ERROR]   Error: Process returned non-zero exit code: 1
[20:30:43][ERROR]   Duration before failure: 233.8 seconds
[20:30:43][ERROR] ================================================================================
[20:30:43][INFO] 
Progress: 3/9 optimizers completed
[20:30:43][INFO] Elapsed time: 0.07 hours
[20:30:43][INFO] Estimated remaining time: 0.13 hours
[20:30:43][INFO] Estimated total time: 0.20 hours

[20:30:43][INFO] 
================================================================================
[20:30:43][INFO] OPTIMIZER 4/9
[20:30:43][INFO] ================================================================================

[20:30:43][INFO] ================================================================================
[20:30:43][INFO] STARTING TUNING: EvoX SHADE (shade)
[20:30:43][INFO] ================================================================================
[20:30:43][INFO] Script: optuna_shade_tune.py
[20:30:43][INFO] Tunable parameters: diff_padding_num
[20:30:43][INFO] Command: uv run python optuna_shade_tune.py --model_path models/tsp_100_model_63108.pt --instances_path instances/tsp/test/tsp100_10inst_w_optimal.pkl --n_trials 50 --tune_n_instances 3 --batch_size 600 --search_timelimit 75 --seed 1234
[20:30:43][INFO] --------------------------------------------------------------------------------
[21:01:06][ERROR] --------------------------------------------------------------------------------
[21:01:06][ERROR] ✗ FAILED: EvoX SHADE
[21:01:06][ERROR]   Error: Process returned non-zero exit code: 1
[21:01:06][ERROR]   Duration before failure: 1823.3 seconds
[21:01:06][ERROR] ================================================================================
[21:01:06][INFO] 
Progress: 4/9 optimizers completed
[21:01:06][INFO] Elapsed time: 0.57 hours
[21:01:06][INFO] Estimated remaining time: 0.72 hours
[21:01:06][INFO] Estimated total time: 1.29 hours

[21:01:06][INFO] 
================================================================================
[21:01:06][INFO] OPTIMIZER 5/9
[21:01:06][INFO] ================================================================================

[21:01:06][INFO] ================================================================================
[21:01:06][INFO] STARTING TUNING: EvoX SaDE (sade)
[21:01:06][INFO] ================================================================================
[21:01:06][INFO] Script: optuna_sade_tune.py
[21:01:06][INFO] Tunable parameters: diff_padding_num, LP
[21:01:06][INFO] Command: uv run python optuna_sade_tune.py --model_path models/tsp_100_model_63108.pt --instances_path instances/tsp/test/tsp100_10inst_w_optimal.pkl --n_trials 50 --tune_n_instances 3 --batch_size 600 --search_timelimit 75 --seed 1234
[21:01:06][INFO] --------------------------------------------------------------------------------
