[20:17:39][INFO] ================================================================================
[20:17:39][INFO] MASTER HYPERPARAMETER TUNING ORCHESTRATION
[20:17:39][INFO] ================================================================================
[20:17:39][INFO] Model: models/tsp_100_model_63108.pt
[20:17:39][INFO] Instances: instances/tsp/test/tsp100_10inst_w_optimal.pkl
[20:17:39][INFO] Trials per optimizer: 50
[20:17:39][INFO] Tuning instances: 3
[20:17:39][INFO] Batch size: 300
[20:17:39][INFO] Time limit: 75.0s per instance
[20:17:39][INFO] Seed: 1234
[20:17:39][INFO] Resume existing studies: False
[20:17:39][INFO] Log file: logs/master_tuning_20251112_201739.log
[20:17:39][INFO] --------------------------------------------------------------------------------
[20:17:39][INFO] Total optimizers to tune: 9
[20:17:39][INFO] Optimizers: de, ode, code, shade, sade, cmaes, ipop, bipop, scipy_de
[20:17:39][INFO] Estimated total time: 27.9 hours
[20:17:39][INFO]   (Assuming ~3.1 hours per optimizer with 50 trials)
[20:17:39][INFO] ================================================================================
[20:17:39][INFO] 
================================================================================
[20:17:39][INFO] OPTIMIZER 1/9
[20:17:39][INFO] ================================================================================

[20:17:39][INFO] ================================================================================
[20:17:39][INFO] STARTING TUNING: Standard DE (de)
[20:17:39][INFO] ================================================================================
[20:17:39][INFO] Script: optuna_de_tune.py
[20:17:39][INFO] Tunable parameters: mutate, recombination
[20:17:39][INFO] Command: uv run python optuna_de_tune.py --model_path models/tsp_100_model_63108.pt --instances_path instances/tsp/test/tsp100_10inst_w_optimal.pkl --n_trials 50 --tune_n_instances 3 --batch_size 300 --search_timelimit 75.0 --seed 1234
[20:17:39][INFO] --------------------------------------------------------------------------------
[20:17:43][ERROR] --------------------------------------------------------------------------------
[20:17:43][ERROR] ✗ FAILED: Standard DE
[20:17:43][ERROR]   Error: Process returned non-zero exit code: 2
[20:17:43][ERROR]   Duration before failure: 3.4 seconds
[20:17:43][ERROR] ================================================================================
[20:17:43][INFO] 
Progress: 1/9 optimizers completed
[20:17:43][INFO] Elapsed time: 0.00 hours
[20:17:43][INFO] Estimated remaining time: 0.01 hours
[20:17:43][INFO] Estimated total time: 0.01 hours

[20:17:43][INFO] 
================================================================================
[20:17:43][INFO] OPTIMIZER 2/9
[20:17:43][INFO] ================================================================================

[20:17:43][INFO] ================================================================================
[20:17:43][INFO] STARTING TUNING: EvoX ODE (ode)
[20:17:43][INFO] ================================================================================
[20:17:43][INFO] Script: optuna_ode_tune.py
[20:17:43][INFO] Tunable parameters: base_vector, num_difference_vectors, differential_weight, cross_probability
[20:17:43][INFO] Command: uv run python optuna_ode_tune.py --model_path models/tsp_100_model_63108.pt --instances_path instances/tsp/test/tsp100_10inst_w_optimal.pkl --n_trials 50 --tune_n_instances 3 --batch_size 300 --search_timelimit 75.0 --seed 1234
[20:17:43][INFO] --------------------------------------------------------------------------------
[20:17:46][ERROR] --------------------------------------------------------------------------------
[20:17:46][ERROR] ✗ FAILED: EvoX ODE
[20:17:46][ERROR]   Error: Process returned non-zero exit code: 2
[20:17:46][ERROR]   Duration before failure: 3.4 seconds
[20:17:46][ERROR] ================================================================================
[20:17:46][INFO] 
Progress: 2/9 optimizers completed
[20:17:46][INFO] Elapsed time: 0.00 hours
[20:17:46][INFO] Estimated remaining time: 0.01 hours
[20:17:46][INFO] Estimated total time: 0.01 hours

[20:17:46][INFO] 
================================================================================
[20:17:46][INFO] OPTIMIZER 3/9
[20:17:46][INFO] ================================================================================

[20:17:46][INFO] ================================================================================
[20:17:46][INFO] STARTING TUNING: EvoX CoDE (code)
[20:17:46][INFO] ================================================================================
[20:17:46][INFO] Script: optuna_code_tune.py
[20:17:46][INFO] Tunable parameters: diff_padding_num, replace
[20:17:46][INFO] Command: uv run python optuna_code_tune.py --model_path models/tsp_100_model_63108.pt --instances_path instances/tsp/test/tsp100_10inst_w_optimal.pkl --n_trials 50 --tune_n_instances 3 --batch_size 300 --search_timelimit 75.0 --seed 1234
[20:17:46][INFO] --------------------------------------------------------------------------------
[20:17:49][ERROR] --------------------------------------------------------------------------------
[20:17:49][ERROR] ✗ FAILED: EvoX CoDE
[20:17:49][ERROR]   Error: Process returned non-zero exit code: 2
[20:17:49][ERROR]   Duration before failure: 3.4 seconds
[20:17:49][ERROR] ================================================================================
[20:17:49][INFO] 
Progress: 3/9 optimizers completed
[20:17:49][INFO] Elapsed time: 0.00 hours
[20:17:49][INFO] Estimated remaining time: 0.01 hours
[20:17:49][INFO] Estimated total time: 0.01 hours

[20:17:49][INFO] 
================================================================================
[20:17:49][INFO] OPTIMIZER 4/9
[20:17:49][INFO] ================================================================================

[20:17:49][INFO] ================================================================================
[20:17:49][INFO] STARTING TUNING: EvoX SHADE (shade)
[20:17:49][INFO] ================================================================================
[20:17:49][INFO] Script: optuna_shade_tune.py
[20:17:49][INFO] Tunable parameters: diff_padding_num
[20:17:49][INFO] Command: uv run python optuna_shade_tune.py --model_path models/tsp_100_model_63108.pt --instances_path instances/tsp/test/tsp100_10inst_w_optimal.pkl --n_trials 50 --tune_n_instances 3 --batch_size 300 --search_timelimit 75.0 --seed 1234
[20:17:49][INFO] --------------------------------------------------------------------------------
