[20:58:35][INFO] ================================================================================
[20:58:35][INFO] MASTER HYPERPARAMETER TUNING ORCHESTRATION
[20:58:35][INFO] ================================================================================
[20:58:35][INFO] Model: models/tsp_100_model_63108.pt
[20:58:35][INFO] Instances: instances/tsp/test/tsp100_10inst_w_optimal.pkl
[20:58:35][INFO] Trials per optimizer: 1
[20:58:35][INFO] Tuning instances: 1
[20:58:35][INFO] Batch size: 300
[20:58:35][INFO] Time limit: 75.0s per instance
[20:58:35][INFO] Seed: 1234
[20:58:35][INFO] Resume existing studies: False
[20:58:35][INFO] Log file: logs/master_tuning_20251112_205835.log
[20:58:35][INFO] --------------------------------------------------------------------------------
[20:58:35][INFO] Total optimizers to tune: 9
[20:58:35][INFO] Optimizers: de, ode, code, shade, sade, cmaes, ipop, bipop, scipy_de
[20:58:35][INFO] Estimated total time: 27.9 hours
[20:58:35][INFO]   (Assuming ~3.1 hours per optimizer with 50 trials)
[20:58:35][INFO] ================================================================================
[20:58:35][INFO] 
================================================================================
[20:58:35][INFO] OPTIMIZER 1/9
[20:58:35][INFO] ================================================================================

[20:58:35][INFO] ================================================================================
[20:58:35][INFO] STARTING TUNING: Standard DE (de)
[20:58:35][INFO] ================================================================================
[20:58:35][INFO] Script: optuna_de_tune.py
[20:58:35][INFO] Tunable parameters: mutate, recombination
[20:58:35][INFO] Command: uv run python optuna_de_tune.py --model_path models/tsp_100_model_63108.pt --instances_path instances/tsp/test/tsp100_10inst_w_optimal.pkl --n_trials 1 --tune_n_instances 1 --batch_size 300 --search_timelimit 75 --seed 1234 --load_if_exists
[20:58:35][INFO] --------------------------------------------------------------------------------
[20:59:43][INFO] --------------------------------------------------------------------------------
[20:59:43][INFO] ✓ COMPLETED: Standard DE
[20:59:43][INFO]   Duration: 67.8 seconds (1.1 minutes)
[20:59:43][INFO] ================================================================================
[20:59:43][INFO] 
Progress: 1/9 optimizers completed
[20:59:43][INFO] Elapsed time: 0.02 hours
[20:59:43][INFO] Estimated remaining time: 0.15 hours
[20:59:43][INFO] Estimated total time: 0.17 hours

[20:59:43][INFO] 
================================================================================
[20:59:43][INFO] OPTIMIZER 2/9
[20:59:43][INFO] ================================================================================

[20:59:43][INFO] ================================================================================
[20:59:43][INFO] STARTING TUNING: EvoX ODE (ode)
[20:59:43][INFO] ================================================================================
[20:59:43][INFO] Script: optuna_ode_tune.py
[20:59:43][INFO] Tunable parameters: base_vector, num_difference_vectors, differential_weight, cross_probability
[20:59:43][INFO] Command: uv run python optuna_ode_tune.py --model_path models/tsp_100_model_63108.pt --instances_path instances/tsp/test/tsp100_10inst_w_optimal.pkl --n_trials 1 --tune_n_instances 1 --batch_size 300 --search_timelimit 75 --seed 1234 --load_if_exists
[20:59:43][INFO] --------------------------------------------------------------------------------
[21:01:06][INFO] --------------------------------------------------------------------------------
[21:01:06][INFO] ✓ COMPLETED: EvoX ODE
[21:01:06][INFO]   Duration: 83.1 seconds (1.4 minutes)
[21:01:06][INFO] ================================================================================
[21:01:06][INFO] 
Progress: 2/9 optimizers completed
[21:01:06][INFO] Elapsed time: 0.04 hours
[21:01:06][INFO] Estimated remaining time: 0.15 hours
[21:01:06][INFO] Estimated total time: 0.19 hours

[21:01:06][INFO] 
================================================================================
[21:01:06][INFO] OPTIMIZER 3/9
[21:01:06][INFO] ================================================================================

[21:01:06][INFO] ================================================================================
[21:01:06][INFO] STARTING TUNING: EvoX CoDE (code)
[21:01:06][INFO] ================================================================================
[21:01:06][INFO] Script: optuna_code_tune.py
[21:01:06][INFO] Tunable parameters: diff_padding_num, replace
[21:01:06][INFO] Command: uv run python optuna_code_tune.py --model_path models/tsp_100_model_63108.pt --instances_path instances/tsp/test/tsp100_10inst_w_optimal.pkl --n_trials 1 --tune_n_instances 1 --batch_size 300 --search_timelimit 75 --seed 1234 --load_if_exists
[21:01:06][INFO] --------------------------------------------------------------------------------
[21:02:28][INFO] --------------------------------------------------------------------------------
[21:02:28][INFO] ✓ COMPLETED: EvoX CoDE
[21:02:28][INFO]   Duration: 82.8 seconds (1.4 minutes)
[21:02:28][INFO] ================================================================================
[21:02:28][INFO] 
Progress: 3/9 optimizers completed
[21:02:28][INFO] Elapsed time: 0.06 hours
[21:02:28][INFO] Estimated remaining time: 0.13 hours
[21:02:28][INFO] Estimated total time: 0.19 hours

[21:02:28][INFO] 
================================================================================
[21:02:28][INFO] OPTIMIZER 4/9
[21:02:28][INFO] ================================================================================

[21:02:28][INFO] ================================================================================
[21:02:28][INFO] STARTING TUNING: EvoX SHADE (shade)
[21:02:28][INFO] ================================================================================
[21:02:28][INFO] Script: optuna_shade_tune.py
[21:02:28][INFO] Tunable parameters: diff_padding_num
[21:02:28][INFO] Command: uv run python optuna_shade_tune.py --model_path models/tsp_100_model_63108.pt --instances_path instances/tsp/test/tsp100_10inst_w_optimal.pkl --n_trials 1 --tune_n_instances 1 --batch_size 300 --search_timelimit 75 --seed 1234 --load_if_exists
[21:02:28][INFO] --------------------------------------------------------------------------------
[21:03:51][INFO] --------------------------------------------------------------------------------
[21:03:51][INFO] ✓ COMPLETED: EvoX SHADE
[21:03:51][INFO]   Duration: 82.5 seconds (1.4 minutes)
[21:03:51][INFO] ================================================================================
[21:03:51][INFO] 
Progress: 4/9 optimizers completed
[21:03:51][INFO] Elapsed time: 0.09 hours
[21:03:51][INFO] Estimated remaining time: 0.11 hours
[21:03:51][INFO] Estimated total time: 0.20 hours

[21:03:51][INFO] 
================================================================================
[21:03:51][INFO] OPTIMIZER 5/9
[21:03:51][INFO] ================================================================================

[21:03:51][INFO] ================================================================================
[21:03:51][INFO] STARTING TUNING: EvoX SaDE (sade)
[21:03:51][INFO] ================================================================================
[21:03:51][INFO] Script: optuna_sade_tune.py
[21:03:51][INFO] Tunable parameters: diff_padding_num, LP
[21:03:51][INFO] Command: uv run python optuna_sade_tune.py --model_path models/tsp_100_model_63108.pt --instances_path instances/tsp/test/tsp100_10inst_w_optimal.pkl --n_trials 1 --tune_n_instances 1 --batch_size 300 --search_timelimit 75 --seed 1234 --load_if_exists
[21:03:51][INFO] --------------------------------------------------------------------------------
[21:05:14][INFO] --------------------------------------------------------------------------------
[21:05:14][INFO] ✓ COMPLETED: EvoX SaDE
[21:05:14][INFO]   Duration: 82.7 seconds (1.4 minutes)
[21:05:14][INFO] ================================================================================
[21:05:14][INFO] 
Progress: 5/9 optimizers completed
[21:05:14][INFO] Elapsed time: 0.11 hours
[21:05:14][INFO] Estimated remaining time: 0.09 hours
[21:05:14][INFO] Estimated total time: 0.20 hours

[21:05:14][INFO] 
================================================================================
[21:05:14][INFO] OPTIMIZER 6/9
[21:05:14][INFO] ================================================================================

[21:05:14][INFO] ================================================================================
[21:05:14][INFO] STARTING TUNING: Standard CMA-ES (cmaes)
[21:05:14][INFO] ================================================================================
[21:05:14][INFO] Script: optuna_cmaes_tune.py
[21:05:14][INFO] Tunable parameters: sigma0, CMA_rankmu, CMA_rankone
[21:05:14][INFO] Command: uv run python optuna_cmaes_tune.py --model_path models/tsp_100_model_63108.pt --instances_path instances/tsp/test/tsp100_10inst_w_optimal.pkl --n_trials 1 --tune_n_instances 1 --batch_size 300 --search_timelimit 75 --seed 1234 --load_if_exists
[21:05:14][INFO] --------------------------------------------------------------------------------
[21:06:34][INFO] --------------------------------------------------------------------------------
[21:06:34][INFO] ✓ COMPLETED: Standard CMA-ES
[21:06:34][INFO]   Duration: 80.6 seconds (1.3 minutes)
[21:06:34][INFO] ================================================================================
[21:06:34][INFO] 
Progress: 6/9 optimizers completed
[21:06:34][INFO] Elapsed time: 0.13 hours
[21:06:34][INFO] Estimated remaining time: 0.07 hours
[21:06:34][INFO] Estimated total time: 0.20 hours

[21:06:34][INFO] 
================================================================================
[21:06:34][INFO] OPTIMIZER 7/9
[21:06:34][INFO] ================================================================================

[21:06:34][INFO] ================================================================================
[21:06:34][INFO] STARTING TUNING: IPOP-CMA-ES (ipop)
[21:06:34][INFO] ================================================================================
[21:06:34][INFO] Script: optuna_ipop_tune.py
[21:06:34][INFO] Tunable parameters: sigma0, CMA_rankmu, CMA_rankone
[21:06:34][INFO] Command: uv run python optuna_ipop_tune.py --model_path models/tsp_100_model_63108.pt --instances_path instances/tsp/test/tsp100_10inst_w_optimal.pkl --n_trials 1 --tune_n_instances 1 --batch_size 300 --search_timelimit 75 --seed 1234 --load_if_exists
[21:06:34][INFO] --------------------------------------------------------------------------------
[21:07:55][INFO] --------------------------------------------------------------------------------
[21:07:55][INFO] ✓ COMPLETED: IPOP-CMA-ES
[21:07:55][INFO]   Duration: 80.9 seconds (1.3 minutes)
[21:07:55][INFO] ================================================================================
[21:07:55][INFO] 
Progress: 7/9 optimizers completed
[21:07:55][INFO] Elapsed time: 0.16 hours
[21:07:55][INFO] Estimated remaining time: 0.04 hours
[21:07:55][INFO] Estimated total time: 0.20 hours

[21:07:55][INFO] 
================================================================================
[21:07:55][INFO] OPTIMIZER 8/9
[21:07:55][INFO] ================================================================================

[21:07:55][INFO] ================================================================================
[21:07:55][INFO] STARTING TUNING: BIPOP-CMA-ES (bipop)
[21:07:55][INFO] ================================================================================
[21:07:55][INFO] Script: optuna_bipop_tune.py
[21:07:55][INFO] Tunable parameters: sigma0, CMA_rankmu, CMA_rankone
[21:07:55][INFO] Command: uv run python optuna_bipop_tune.py --model_path models/tsp_100_model_63108.pt --instances_path instances/tsp/test/tsp100_10inst_w_optimal.pkl --n_trials 1 --tune_n_instances 1 --batch_size 300 --search_timelimit 75 --seed 1234 --load_if_exists
[21:07:55][INFO] --------------------------------------------------------------------------------
[21:09:16][INFO] --------------------------------------------------------------------------------
[21:09:16][INFO] ✓ COMPLETED: BIPOP-CMA-ES
[21:09:16][INFO]   Duration: 81.1 seconds (1.4 minutes)
[21:09:16][INFO] ================================================================================
[21:09:16][INFO] 
Progress: 8/9 optimizers completed
[21:09:16][INFO] Elapsed time: 0.18 hours
[21:09:16][INFO] Estimated remaining time: 0.02 hours
[21:09:16][INFO] Estimated total time: 0.20 hours

[21:09:16][INFO] 
================================================================================
[21:09:16][INFO] OPTIMIZER 9/9
[21:09:16][INFO] ================================================================================

[21:09:16][INFO] ================================================================================
[21:09:16][INFO] STARTING TUNING: SciPy DE (scipy_de)
[21:09:16][INFO] ================================================================================
[21:09:16][INFO] Script: optuna_scipy_de_tune.py
[21:09:16][INFO] Tunable parameters: strategy, mutation, recombination_scipy, updating
[21:09:16][INFO] Command: uv run python optuna_scipy_de_tune.py --model_path models/tsp_100_model_63108.pt --instances_path instances/tsp/test/tsp100_10inst_w_optimal.pkl --n_trials 1 --tune_n_instances 1 --batch_size 300 --search_timelimit 75 --seed 1234 --load_if_exists
[21:09:16][INFO] --------------------------------------------------------------------------------
[21:10:37][INFO] --------------------------------------------------------------------------------
[21:10:37][INFO] ✓ COMPLETED: SciPy DE
[21:10:37][INFO]   Duration: 81.2 seconds (1.4 minutes)
[21:10:37][INFO] ================================================================================
[21:10:37][INFO] 
Progress: 9/9 optimizers completed
[21:10:37][INFO] Elapsed time: 0.20 hours
[21:10:37][INFO] Estimated remaining time: 0.00 hours
[21:10:37][INFO] Estimated total time: 0.20 hours

[21:10:37][INFO] ================================================================================
[21:10:37][INFO] MASTER TUNING SUMMARY
[21:10:37][INFO] ================================================================================
[21:10:37][INFO] Total optimizers: 9
[21:10:37][INFO] Successful: 9
[21:10:37][INFO] Failed: 0
[21:10:37][INFO] Total duration: 0.20 hours (12.0 minutes)
[21:10:37][INFO] Summary saved to: tuning_summary.json
[21:10:37][INFO] ================================================================================
[21:10:37][INFO] 
Successful tunings:
[21:10:37][INFO]   ✓ Standard DE (de) - 1.1 min
[21:10:37][INFO]   ✓ EvoX ODE (ode) - 1.4 min
[21:10:37][INFO]   ✓ EvoX CoDE (code) - 1.4 min
[21:10:37][INFO]   ✓ EvoX SHADE (shade) - 1.4 min
[21:10:37][INFO]   ✓ EvoX SaDE (sade) - 1.4 min
[21:10:37][INFO]   ✓ Standard CMA-ES (cmaes) - 1.3 min
[21:10:37][INFO]   ✓ IPOP-CMA-ES (ipop) - 1.3 min
[21:10:37][INFO]   ✓ BIPOP-CMA-ES (bipop) - 1.4 min
[21:10:37][INFO]   ✓ SciPy DE (scipy_de) - 1.4 min
[21:10:37][INFO] 
✓ All optimizers tuned successfully!
