[20:23:46][INFO] ================================================================================
[20:23:46][INFO] MASTER HYPERPARAMETER TUNING ORCHESTRATION
[20:23:46][INFO] ================================================================================
[20:23:46][INFO] Model: models/tsp_100_model_63108.pt
[20:23:46][INFO] Instances: instances/tsp/test/tsp100_10inst_w_optimal.pkl
[20:23:46][INFO] Trials per optimizer: 50
[20:23:46][INFO] Tuning instances: 3
[20:23:46][INFO] Batch size: 600
[20:23:46][INFO] Time limit: 75.0s per instance
[20:23:46][INFO] Seed: 1234
[20:23:46][INFO] Resume existing studies: False
[20:23:46][INFO] Log file: logs/master_tuning_20251112_202346.log
[20:23:46][INFO] --------------------------------------------------------------------------------
[20:23:46][INFO] Total optimizers to tune: 9
[20:23:46][INFO] Optimizers: de, ode, code, shade, sade, cmaes, ipop, bipop, scipy_de
[20:23:46][INFO] Estimated total time: 27.9 hours
[20:23:46][INFO]   (Assuming ~3.1 hours per optimizer with 50 trials)
[20:23:46][INFO] ================================================================================
[20:23:46][INFO] 
================================================================================
[20:23:46][INFO] OPTIMIZER 1/9
[20:23:46][INFO] ================================================================================

[20:23:46][INFO] ================================================================================
[20:23:46][INFO] STARTING TUNING: Standard DE (de)
[20:23:46][INFO] ================================================================================
[20:23:46][INFO] Script: optuna_de_tune.py
[20:23:46][INFO] Tunable parameters: mutate, recombination
[20:23:46][INFO] Command: uv run python optuna_de_tune.py --model_path models/tsp_100_model_63108.pt --instances_path instances/tsp/test/tsp100_10inst_w_optimal.pkl --n_trials 50 --tune_n_instances 3 --batch_size 600 --search_timelimit 75 --seed 1234
[20:23:46][INFO] --------------------------------------------------------------------------------
[20:23:50][ERROR] --------------------------------------------------------------------------------
[20:23:50][ERROR] ✗ FAILED: Standard DE
[20:23:50][ERROR]   Error: Process returned non-zero exit code: 1
[20:23:50][ERROR]   Duration before failure: 4.4 seconds
[20:23:50][ERROR] ================================================================================
[20:23:50][INFO] 
Progress: 1/9 optimizers completed
[20:23:50][INFO] Elapsed time: 0.00 hours
[20:23:50][INFO] Estimated remaining time: 0.01 hours
[20:23:50][INFO] Estimated total time: 0.01 hours

[20:23:50][INFO] 
================================================================================
[20:23:50][INFO] OPTIMIZER 2/9
[20:23:50][INFO] ================================================================================

[20:23:50][INFO] ================================================================================
[20:23:50][INFO] STARTING TUNING: EvoX ODE (ode)
[20:23:50][INFO] ================================================================================
[20:23:50][INFO] Script: optuna_ode_tune.py
[20:23:50][INFO] Tunable parameters: base_vector, num_difference_vectors, differential_weight, cross_probability
[20:23:50][INFO] Command: uv run python optuna_ode_tune.py --model_path models/tsp_100_model_63108.pt --instances_path instances/tsp/test/tsp100_10inst_w_optimal.pkl --n_trials 50 --tune_n_instances 3 --batch_size 600 --search_timelimit 75 --seed 1234
[20:23:50][INFO] --------------------------------------------------------------------------------
