[20:38:29][INFO] ================================================================================
[20:38:29][INFO] MASTER HYPERPARAMETER TUNING ORCHESTRATION
[20:38:29][INFO] ================================================================================
[20:38:29][INFO] Model: models/tsp_100_model_63108.pt
[20:38:29][INFO] Instances: instances/tsp/test/tsp100_10inst_w_optimal.pkl
[20:38:29][INFO] Trials per optimizer: 1
[20:38:29][INFO] Tuning instances: 1
[20:38:29][INFO] Batch size: 300
[20:38:29][INFO] Time limit: 75.0s per instance
[20:38:29][INFO] Seed: 1234
[20:38:29][INFO] Resume existing studies: False
[20:38:29][INFO] Log file: logs/master_tuning_20251112_203829.log
[20:38:29][INFO] --------------------------------------------------------------------------------
[20:38:29][INFO] Total optimizers to tune: 9
[20:38:29][INFO] Optimizers: de, ode, code, shade, sade, cmaes, ipop, bipop, scipy_de
[20:38:29][INFO] Estimated total time: 27.9 hours
[20:38:29][INFO]   (Assuming ~3.1 hours per optimizer with 50 trials)
[20:38:29][INFO] ================================================================================
[20:38:29][INFO] 
================================================================================
[20:38:29][INFO] OPTIMIZER 1/9
[20:38:29][INFO] ================================================================================

[20:38:29][INFO] ================================================================================
[20:38:29][INFO] STARTING TUNING: Standard DE (de)
[20:38:29][INFO] ================================================================================
[20:38:29][INFO] Script: optuna_de_tune.py
[20:38:29][INFO] Tunable parameters: mutate, recombination
[20:38:29][INFO] Command: uv run python optuna_de_tune.py --model_path models/tsp_100_model_63108.pt --instances_path instances/tsp/test/tsp100_10inst_w_optimal.pkl --n_trials 1 --tune_n_instances 1 --batch_size 300 --search_timelimit 75 --seed 1234 --load_if_exists
[20:38:29][INFO] --------------------------------------------------------------------------------
[20:39:37][INFO] --------------------------------------------------------------------------------
[20:39:37][INFO] ✓ COMPLETED: Standard DE
[20:39:37][INFO]   Duration: 68.3 seconds (1.1 minutes)
[20:39:37][INFO] ================================================================================
[20:39:37][INFO] 
Progress: 1/9 optimizers completed
[20:39:37][INFO] Elapsed time: 0.02 hours
[20:39:37][INFO] Estimated remaining time: 0.15 hours
[20:39:37][INFO] Estimated total time: 0.17 hours

[20:39:37][INFO] 
================================================================================
[20:39:37][INFO] OPTIMIZER 2/9
[20:39:37][INFO] ================================================================================

[20:39:37][INFO] ================================================================================
[20:39:37][INFO] STARTING TUNING: EvoX ODE (ode)
[20:39:37][INFO] ================================================================================
[20:39:37][INFO] Script: optuna_ode_tune.py
[20:39:37][INFO] Tunable parameters: base_vector, num_difference_vectors, differential_weight, cross_probability
[20:39:37][INFO] Command: uv run python optuna_ode_tune.py --model_path models/tsp_100_model_63108.pt --instances_path instances/tsp/test/tsp100_10inst_w_optimal.pkl --n_trials 1 --tune_n_instances 1 --batch_size 300 --search_timelimit 75 --seed 1234 --load_if_exists
[20:39:37][INFO] --------------------------------------------------------------------------------
[20:41:00][INFO] --------------------------------------------------------------------------------
[20:41:00][INFO] ✓ COMPLETED: EvoX ODE
[20:41:00][INFO]   Duration: 82.5 seconds (1.4 minutes)
[20:41:00][INFO] ================================================================================
[20:41:00][INFO] 
Progress: 2/9 optimizers completed
[20:41:00][INFO] Elapsed time: 0.04 hours
[20:41:00][INFO] Estimated remaining time: 0.15 hours
[20:41:00][INFO] Estimated total time: 0.19 hours

[20:41:00][INFO] 
================================================================================
[20:41:00][INFO] OPTIMIZER 3/9
[20:41:00][INFO] ================================================================================

[20:41:00][INFO] ================================================================================
[20:41:00][INFO] STARTING TUNING: EvoX CoDE (code)
[20:41:00][INFO] ================================================================================
[20:41:00][INFO] Script: optuna_code_tune.py
[20:41:00][INFO] Tunable parameters: diff_padding_num, replace
[20:41:00][INFO] Command: uv run python optuna_code_tune.py --model_path models/tsp_100_model_63108.pt --instances_path instances/tsp/test/tsp100_10inst_w_optimal.pkl --n_trials 1 --tune_n_instances 1 --batch_size 300 --search_timelimit 75 --seed 1234 --load_if_exists
[20:41:00][INFO] --------------------------------------------------------------------------------
[20:42:22][INFO] --------------------------------------------------------------------------------
[20:42:22][INFO] ✓ COMPLETED: EvoX CoDE
[20:42:22][INFO]   Duration: 82.3 seconds (1.4 minutes)
[20:42:22][INFO] ================================================================================
[20:42:22][INFO] 
Progress: 3/9 optimizers completed
[20:42:22][INFO] Elapsed time: 0.06 hours
[20:42:22][INFO] Estimated remaining time: 0.13 hours
[20:42:22][INFO] Estimated total time: 0.19 hours

[20:42:22][INFO] 
================================================================================
[20:42:22][INFO] OPTIMIZER 4/9
[20:42:22][INFO] ================================================================================

[20:42:22][INFO] ================================================================================
[20:42:22][INFO] STARTING TUNING: EvoX SHADE (shade)
[20:42:22][INFO] ================================================================================
[20:42:22][INFO] Script: optuna_shade_tune.py
[20:42:22][INFO] Tunable parameters: diff_padding_num
[20:42:22][INFO] Command: uv run python optuna_shade_tune.py --model_path models/tsp_100_model_63108.pt --instances_path instances/tsp/test/tsp100_10inst_w_optimal.pkl --n_trials 1 --tune_n_instances 1 --batch_size 300 --search_timelimit 75 --seed 1234 --load_if_exists
[20:42:22][INFO] --------------------------------------------------------------------------------
[20:43:44][INFO] --------------------------------------------------------------------------------
[20:43:44][INFO] ✓ COMPLETED: EvoX SHADE
[20:43:44][INFO]   Duration: 82.3 seconds (1.4 minutes)
[20:43:44][INFO] ================================================================================
[20:43:44][INFO] 
Progress: 4/9 optimizers completed
[20:43:44][INFO] Elapsed time: 0.09 hours
[20:43:44][INFO] Estimated remaining time: 0.11 hours
[20:43:44][INFO] Estimated total time: 0.20 hours

[20:43:44][INFO] 
================================================================================
[20:43:44][INFO] OPTIMIZER 5/9
[20:43:44][INFO] ================================================================================

[20:43:44][INFO] ================================================================================
[20:43:44][INFO] STARTING TUNING: EvoX SaDE (sade)
[20:43:44][INFO] ================================================================================
[20:43:44][INFO] Script: optuna_sade_tune.py
[20:43:44][INFO] Tunable parameters: diff_padding_num, LP
[20:43:44][INFO] Command: uv run python optuna_sade_tune.py --model_path models/tsp_100_model_63108.pt --instances_path instances/tsp/test/tsp100_10inst_w_optimal.pkl --n_trials 1 --tune_n_instances 1 --batch_size 300 --search_timelimit 75 --seed 1234 --load_if_exists
[20:43:44][INFO] --------------------------------------------------------------------------------
[20:45:08][INFO] --------------------------------------------------------------------------------
[20:45:08][INFO] ✓ COMPLETED: EvoX SaDE
[20:45:08][INFO]   Duration: 83.3 seconds (1.4 minutes)
[20:45:08][INFO] ================================================================================
[20:45:08][INFO] 
Progress: 5/9 optimizers completed
[20:45:08][INFO] Elapsed time: 0.11 hours
[20:45:08][INFO] Estimated remaining time: 0.09 hours
[20:45:08][INFO] Estimated total time: 0.20 hours

[20:45:08][INFO] 
================================================================================
[20:45:08][INFO] OPTIMIZER 6/9
[20:45:08][INFO] ================================================================================

[20:45:08][INFO] ================================================================================
[20:45:08][INFO] STARTING TUNING: Standard CMA-ES (cmaes)
[20:45:08][INFO] ================================================================================
[20:45:08][INFO] Script: optuna_cmaes_tune.py
[20:45:08][INFO] Tunable parameters: sigma0, CMA_rankmu, CMA_rankone
[20:45:08][INFO] Command: uv run python optuna_cmaes_tune.py --model_path models/tsp_100_model_63108.pt --instances_path instances/tsp/test/tsp100_10inst_w_optimal.pkl --n_trials 1 --tune_n_instances 1 --batch_size 300 --search_timelimit 75 --seed 1234 --load_if_exists
[20:45:08][INFO] --------------------------------------------------------------------------------
[20:46:28][INFO] --------------------------------------------------------------------------------
[20:46:28][INFO] ✓ COMPLETED: Standard CMA-ES
[20:46:28][INFO]   Duration: 80.5 seconds (1.3 minutes)
[20:46:28][INFO] ================================================================================
[20:46:28][INFO] 
Progress: 6/9 optimizers completed
[20:46:28][INFO] Elapsed time: 0.13 hours
[20:46:28][INFO] Estimated remaining time: 0.07 hours
[20:46:28][INFO] Estimated total time: 0.20 hours

[20:46:28][INFO] 
================================================================================
[20:46:28][INFO] OPTIMIZER 7/9
[20:46:28][INFO] ================================================================================

[20:46:28][INFO] ================================================================================
[20:46:28][INFO] STARTING TUNING: IPOP-CMA-ES (ipop)
[20:46:28][INFO] ================================================================================
[20:46:28][INFO] Script: optuna_ipop_tune.py
[20:46:28][INFO] Tunable parameters: sigma0, CMA_rankmu, CMA_rankone
[20:46:28][INFO] Command: uv run python optuna_ipop_tune.py --model_path models/tsp_100_model_63108.pt --instances_path instances/tsp/test/tsp100_10inst_w_optimal.pkl --n_trials 1 --tune_n_instances 1 --batch_size 300 --search_timelimit 75 --seed 1234 --load_if_exists
[20:46:28][INFO] --------------------------------------------------------------------------------
[20:47:49][INFO] --------------------------------------------------------------------------------
[20:47:49][INFO] ✓ COMPLETED: IPOP-CMA-ES
[20:47:49][INFO]   Duration: 80.4 seconds (1.3 minutes)
[20:47:49][INFO] ================================================================================
[20:47:49][INFO] 
Progress: 7/9 optimizers completed
[20:47:49][INFO] Elapsed time: 0.16 hours
[20:47:49][INFO] Estimated remaining time: 0.04 hours
[20:47:49][INFO] Estimated total time: 0.20 hours

[20:47:49][INFO] 
================================================================================
[20:47:49][INFO] OPTIMIZER 8/9
[20:47:49][INFO] ================================================================================

[20:47:49][INFO] ================================================================================
[20:47:49][INFO] STARTING TUNING: BIPOP-CMA-ES (bipop)
[20:47:49][INFO] ================================================================================
[20:47:49][INFO] Script: optuna_bipop_tune.py
[20:47:49][INFO] Tunable parameters: sigma0, CMA_rankmu, CMA_rankone
[20:47:49][INFO] Command: uv run python optuna_bipop_tune.py --model_path models/tsp_100_model_63108.pt --instances_path instances/tsp/test/tsp100_10inst_w_optimal.pkl --n_trials 1 --tune_n_instances 1 --batch_size 300 --search_timelimit 75 --seed 1234 --load_if_exists
[20:47:49][INFO] --------------------------------------------------------------------------------
[20:49:09][INFO] --------------------------------------------------------------------------------
[20:49:09][INFO] ✓ COMPLETED: BIPOP-CMA-ES
[20:49:09][INFO]   Duration: 80.6 seconds (1.3 minutes)
[20:49:09][INFO] ================================================================================
[20:49:09][INFO] 
Progress: 8/9 optimizers completed
[20:49:09][INFO] Elapsed time: 0.18 hours
[20:49:09][INFO] Estimated remaining time: 0.02 hours
[20:49:09][INFO] Estimated total time: 0.20 hours

[20:49:09][INFO] 
================================================================================
[20:49:09][INFO] OPTIMIZER 9/9
[20:49:09][INFO] ================================================================================

[20:49:09][INFO] ================================================================================
[20:49:09][INFO] STARTING TUNING: SciPy DE (scipy_de)
[20:49:09][INFO] ================================================================================
[20:49:09][INFO] Script: optuna_scipy_de_tune.py
[20:49:09][INFO] Tunable parameters: strategy, mutation, recombination_scipy, updating
[20:49:09][INFO] Command: uv run python optuna_scipy_de_tune.py --model_path models/tsp_100_model_63108.pt --instances_path instances/tsp/test/tsp100_10inst_w_optimal.pkl --n_trials 1 --tune_n_instances 1 --batch_size 300 --search_timelimit 75 --seed 1234 --load_if_exists
[20:49:09][INFO] --------------------------------------------------------------------------------
[20:50:30][INFO] --------------------------------------------------------------------------------
[20:50:30][INFO] ✓ COMPLETED: SciPy DE
[20:50:30][INFO]   Duration: 80.7 seconds (1.3 minutes)
[20:50:30][INFO] ================================================================================
[20:50:30][INFO] 
Progress: 9/9 optimizers completed
[20:50:30][INFO] Elapsed time: 0.20 hours
[20:50:30][INFO] Estimated remaining time: 0.00 hours
[20:50:30][INFO] Estimated total time: 0.20 hours

[20:50:30][INFO] ================================================================================
[20:50:30][INFO] MASTER TUNING SUMMARY
[20:50:30][INFO] ================================================================================
[20:50:30][INFO] Total optimizers: 9
[20:50:30][INFO] Successful: 9
[20:50:30][INFO] Failed: 0
[20:50:30][INFO] Total duration: 0.20 hours (12.0 minutes)
[20:50:30][INFO] Summary saved to: tuning_summary.json
[20:50:30][INFO] ================================================================================
[20:50:30][INFO] 
Successful tunings:
[20:50:30][INFO]   ✓ Standard DE (de) - 1.1 min
[20:50:30][INFO]   ✓ EvoX ODE (ode) - 1.4 min
[20:50:30][INFO]   ✓ EvoX CoDE (code) - 1.4 min
[20:50:30][INFO]   ✓ EvoX SHADE (shade) - 1.4 min
[20:50:30][INFO]   ✓ EvoX SaDE (sade) - 1.4 min
[20:50:30][INFO]   ✓ Standard CMA-ES (cmaes) - 1.3 min
[20:50:30][INFO]   ✓ IPOP-CMA-ES (ipop) - 1.3 min
[20:50:30][INFO]   ✓ BIPOP-CMA-ES (bipop) - 1.3 min
[20:50:30][INFO]   ✓ SciPy DE (scipy_de) - 1.3 min
[20:50:30][INFO] 
✓ All optimizers tuned successfully!
