[20:18:10][INFO] ================================================================================
[20:18:10][INFO] MASTER HYPERPARAMETER TUNING ORCHESTRATION
[20:18:10][INFO] ================================================================================
[20:18:10][INFO] Model: models/tsp_100_model_63108.pt
[20:18:10][INFO] Instances: instances/tsp/test/tsp100_10inst_w_optimal.pkl
[20:18:10][INFO] Trials per optimizer: 50
[20:18:10][INFO] Tuning instances: 3
[20:18:10][INFO] Batch size: 300
[20:18:10][INFO] Time limit: 75.0s per instance
[20:18:10][INFO] Seed: 1234
[20:18:10][INFO] Resume existing studies: False
[20:18:10][INFO] Log file: logs/master_tuning_20251112_201810.log
[20:18:10][INFO] --------------------------------------------------------------------------------
[20:18:10][INFO] Total optimizers to tune: 9
[20:18:10][INFO] Optimizers: de, ode, code, shade, sade, cmaes, ipop, bipop, scipy_de
[20:18:10][INFO] Estimated total time: 27.9 hours
[20:18:10][INFO]   (Assuming ~3.1 hours per optimizer with 50 trials)
[20:18:10][INFO] ================================================================================
[20:18:10][INFO] 
================================================================================
[20:18:10][INFO] OPTIMIZER 1/9
[20:18:10][INFO] ================================================================================

[20:18:10][INFO] ================================================================================
[20:18:10][INFO] STARTING TUNING: Standard DE (de)
[20:18:10][INFO] ================================================================================
[20:18:10][INFO] Script: optuna_de_tune.py
[20:18:10][INFO] Tunable parameters: mutate, recombination
[20:18:10][INFO] Command: uv run python optuna_de_tune.py --model_path models/tsp_100_model_63108.pt --instances_path instances/tsp/test/tsp100_10inst_w_optimal.pkl --n_trials 50 --tune_n_instances 3 --batch_size 300 --search_timelimit 75.0 --seed 1234
[20:18:10][INFO] --------------------------------------------------------------------------------
[20:18:13][ERROR] --------------------------------------------------------------------------------
[20:18:13][ERROR] ✗ FAILED: Standard DE
[20:18:13][ERROR]   Error: Process returned non-zero exit code: 2
[20:18:13][ERROR]   Duration before failure: 3.4 seconds
[20:18:13][ERROR] ================================================================================
[20:18:13][INFO] 
Progress: 1/9 optimizers completed
[20:18:13][INFO] Elapsed time: 0.00 hours
[20:18:13][INFO] Estimated remaining time: 0.01 hours
[20:18:13][INFO] Estimated total time: 0.01 hours

[20:18:13][INFO] 
================================================================================
[20:18:13][INFO] OPTIMIZER 2/9
[20:18:13][INFO] ================================================================================

[20:18:13][INFO] ================================================================================
[20:18:13][INFO] STARTING TUNING: EvoX ODE (ode)
[20:18:13][INFO] ================================================================================
[20:18:13][INFO] Script: optuna_ode_tune.py
[20:18:13][INFO] Tunable parameters: base_vector, num_difference_vectors, differential_weight, cross_probability
[20:18:13][INFO] Command: uv run python optuna_ode_tune.py --model_path models/tsp_100_model_63108.pt --instances_path instances/tsp/test/tsp100_10inst_w_optimal.pkl --n_trials 50 --tune_n_instances 3 --batch_size 300 --search_timelimit 75.0 --seed 1234
[20:18:13][INFO] --------------------------------------------------------------------------------
[20:18:16][ERROR] --------------------------------------------------------------------------------
[20:18:16][ERROR] ✗ FAILED: EvoX ODE
[20:18:16][ERROR]   Error: Process returned non-zero exit code: 2
[20:18:16][ERROR]   Duration before failure: 3.4 seconds
[20:18:16][ERROR] ================================================================================
[20:18:16][INFO] 
Progress: 2/9 optimizers completed
[20:18:16][INFO] Elapsed time: 0.00 hours
[20:18:16][INFO] Estimated remaining time: 0.01 hours
[20:18:16][INFO] Estimated total time: 0.01 hours

[20:18:16][INFO] 
================================================================================
[20:18:16][INFO] OPTIMIZER 3/9
[20:18:16][INFO] ================================================================================

[20:18:16][INFO] ================================================================================
[20:18:16][INFO] STARTING TUNING: EvoX CoDE (code)
[20:18:16][INFO] ================================================================================
[20:18:16][INFO] Script: optuna_code_tune.py
[20:18:16][INFO] Tunable parameters: diff_padding_num, replace
[20:18:16][INFO] Command: uv run python optuna_code_tune.py --model_path models/tsp_100_model_63108.pt --instances_path instances/tsp/test/tsp100_10inst_w_optimal.pkl --n_trials 50 --tune_n_instances 3 --batch_size 300 --search_timelimit 75.0 --seed 1234
[20:18:16][INFO] --------------------------------------------------------------------------------
[20:18:20][ERROR] --------------------------------------------------------------------------------
[20:18:20][ERROR] ✗ FAILED: EvoX CoDE
[20:18:20][ERROR]   Error: Process returned non-zero exit code: 2
[20:18:20][ERROR]   Duration before failure: 3.4 seconds
[20:18:20][ERROR] ================================================================================
[20:18:20][INFO] 
Progress: 3/9 optimizers completed
[20:18:20][INFO] Elapsed time: 0.00 hours
[20:18:20][INFO] Estimated remaining time: 0.01 hours
[20:18:20][INFO] Estimated total time: 0.01 hours

[20:18:20][INFO] 
================================================================================
[20:18:20][INFO] OPTIMIZER 4/9
[20:18:20][INFO] ================================================================================

[20:18:20][INFO] ================================================================================
[20:18:20][INFO] STARTING TUNING: EvoX SHADE (shade)
[20:18:20][INFO] ================================================================================
[20:18:20][INFO] Script: optuna_shade_tune.py
[20:18:20][INFO] Tunable parameters: diff_padding_num
[20:18:20][INFO] Command: uv run python optuna_shade_tune.py --model_path models/tsp_100_model_63108.pt --instances_path instances/tsp/test/tsp100_10inst_w_optimal.pkl --n_trials 50 --tune_n_instances 3 --batch_size 300 --search_timelimit 75.0 --seed 1234
[20:18:20][INFO] --------------------------------------------------------------------------------
