[20:34:01][INFO] ================================================================================
[20:34:01][INFO] MASTER HYPERPARAMETER TUNING ORCHESTRATION
[20:34:01][INFO] ================================================================================
[20:34:01][INFO] Model: models/tsp_100_model_63108.pt
[20:34:01][INFO] Instances: instances/tsp/test/tsp100_10inst_w_optimal.pkl
[20:34:01][INFO] Trials per optimizer: 1
[20:34:01][INFO] Tuning instances: 1
[20:34:01][INFO] Batch size: 300
[20:34:01][INFO] Time limit: 75.0s per instance
[20:34:01][INFO] Seed: 1234
[20:34:01][INFO] Resume existing studies: False
[20:34:01][INFO] Log file: logs/master_tuning_20251112_203401.log
[20:34:01][INFO] --------------------------------------------------------------------------------
[20:34:01][INFO] Total optimizers to tune: 3
[20:34:01][INFO] Optimizers: de, ode, cmaes
[20:34:01][INFO] Estimated total time: 9.3 hours
[20:34:01][INFO]   (Assuming ~3.1 hours per optimizer with 50 trials)
[20:34:01][INFO] ================================================================================
[20:34:01][INFO] 
================================================================================
[20:34:01][INFO] OPTIMIZER 1/3
[20:34:01][INFO] ================================================================================

[20:34:01][INFO] ================================================================================
[20:34:01][INFO] STARTING TUNING: Standard DE (de)
[20:34:01][INFO] ================================================================================
[20:34:01][INFO] Script: optuna_de_tune.py
[20:34:01][INFO] Tunable parameters: mutate, recombination
[20:34:01][INFO] Command: uv run python optuna_de_tune.py --model_path models/tsp_100_model_63108.pt --instances_path instances/tsp/test/tsp100_10inst_w_optimal.pkl --n_trials 1 --tune_n_instances 1 --batch_size 300 --search_timelimit 75 --seed 1234 --load_if_exists
[20:34:01][INFO] --------------------------------------------------------------------------------
[20:35:09][INFO] --------------------------------------------------------------------------------
[20:35:09][INFO] ✓ COMPLETED: Standard DE
[20:35:09][INFO]   Duration: 67.9 seconds (1.1 minutes)
[20:35:09][INFO] ================================================================================
[20:35:09][INFO] 
Progress: 1/3 optimizers completed
[20:35:09][INFO] Elapsed time: 0.02 hours
[20:35:09][INFO] Estimated remaining time: 0.04 hours
[20:35:09][INFO] Estimated total time: 0.06 hours

[20:35:09][INFO] 
================================================================================
[20:35:09][INFO] OPTIMIZER 2/3
[20:35:09][INFO] ================================================================================

[20:35:09][INFO] ================================================================================
[20:35:09][INFO] STARTING TUNING: EvoX ODE (ode)
[20:35:09][INFO] ================================================================================
[20:35:09][INFO] Script: optuna_ode_tune.py
[20:35:09][INFO] Tunable parameters: base_vector, num_difference_vectors, differential_weight, cross_probability
[20:35:09][INFO] Command: uv run python optuna_ode_tune.py --model_path models/tsp_100_model_63108.pt --instances_path instances/tsp/test/tsp100_10inst_w_optimal.pkl --n_trials 1 --tune_n_instances 1 --batch_size 300 --search_timelimit 75 --seed 1234 --load_if_exists
[20:35:09][INFO] --------------------------------------------------------------------------------
[20:36:30][INFO] --------------------------------------------------------------------------------
[20:36:30][INFO] ✓ COMPLETED: EvoX ODE
[20:36:30][INFO]   Duration: 81.5 seconds (1.4 minutes)
[20:36:30][INFO] ================================================================================
[20:36:30][INFO] 
Progress: 2/3 optimizers completed
[20:36:30][INFO] Elapsed time: 0.04 hours
[20:36:30][INFO] Estimated remaining time: 0.02 hours
[20:36:30][INFO] Estimated total time: 0.06 hours

[20:36:30][INFO] 
================================================================================
[20:36:30][INFO] OPTIMIZER 3/3
[20:36:30][INFO] ================================================================================

[20:36:30][INFO] ================================================================================
[20:36:30][INFO] STARTING TUNING: Standard CMA-ES (cmaes)
[20:36:30][INFO] ================================================================================
[20:36:30][INFO] Script: optuna_cmaes_tune.py
[20:36:30][INFO] Tunable parameters: sigma0, CMA_rankmu, CMA_rankone
[20:36:30][INFO] Command: uv run python optuna_cmaes_tune.py --model_path models/tsp_100_model_63108.pt --instances_path instances/tsp/test/tsp100_10inst_w_optimal.pkl --n_trials 1 --tune_n_instances 1 --batch_size 300 --search_timelimit 75 --seed 1234 --load_if_exists
[20:36:30][INFO] --------------------------------------------------------------------------------
[20:37:51][INFO] --------------------------------------------------------------------------------
[20:37:51][INFO] ✓ COMPLETED: Standard CMA-ES
[20:37:51][INFO]   Duration: 80.3 seconds (1.3 minutes)
[20:37:51][INFO] ================================================================================
[20:37:51][INFO] 
Progress: 3/3 optimizers completed
[20:37:51][INFO] Elapsed time: 0.06 hours
[20:37:51][INFO] Estimated remaining time: 0.00 hours
[20:37:51][INFO] Estimated total time: 0.06 hours

[20:37:51][INFO] ================================================================================
[20:37:51][INFO] MASTER TUNING SUMMARY
[20:37:51][INFO] ================================================================================
[20:37:51][INFO] Total optimizers: 3
[20:37:51][INFO] Successful: 3
[20:37:51][INFO] Failed: 0
[20:37:51][INFO] Total duration: 0.06 hours (3.8 minutes)
[20:37:51][INFO] Summary saved to: tuning_summary.json
[20:37:51][INFO] ================================================================================
[20:37:51][INFO] 
Successful tunings:
[20:37:51][INFO]   ✓ Standard DE (de) - 1.1 min
[20:37:51][INFO]   ✓ EvoX ODE (ode) - 1.4 min
[20:37:51][INFO]   ✓ Standard CMA-ES (cmaes) - 1.3 min
[20:37:51][INFO] 
✓ All optimizers tuned successfully!
