[20:30:57][INFO] ================================================================================
[20:30:57][INFO] MASTER HYPERPARAMETER TUNING ORCHESTRATION
[20:30:57][INFO] ================================================================================
[20:30:57][INFO] Model: models/tsp_100_model_63108.pt
[20:30:57][INFO] Instances: instances/tsp/test/tsp100_10inst_w_optimal.pkl
[20:30:57][INFO] Trials per optimizer: 1
[20:30:57][INFO] Tuning instances: 1
[20:30:57][INFO] Batch size: 300
[20:30:57][INFO] Time limit: 75.0s per instance
[20:30:57][INFO] Seed: 1234
[20:30:57][INFO] Resume existing studies: False
[20:30:57][INFO] Log file: logs/master_tuning_20251112_203057.log
[20:30:57][INFO] --------------------------------------------------------------------------------
[20:30:57][INFO] Total optimizers to tune: 3
[20:30:57][INFO] Optimizers: de, ode, cmaes
[20:30:57][INFO] Estimated total time: 9.3 hours
[20:30:57][INFO]   (Assuming ~3.1 hours per optimizer with 50 trials)
[20:30:57][INFO] ================================================================================
[20:30:57][INFO] 
================================================================================
[20:30:57][INFO] OPTIMIZER 1/3
[20:30:57][INFO] ================================================================================

[20:30:57][INFO] ================================================================================
[20:30:57][INFO] STARTING TUNING: Standard DE (de)
[20:30:57][INFO] ================================================================================
[20:30:57][INFO] Script: optuna_de_tune.py
[20:30:57][INFO] Tunable parameters: mutate, recombination
[20:30:57][INFO] Command: uv run python optuna_de_tune.py --model_path models/tsp_100_model_63108.pt --instances_path instances/tsp/test/tsp100_10inst_w_optimal.pkl --n_trials 1 --tune_n_instances 1 --batch_size 300 --search_timelimit 75 --seed 1234
[20:30:57][INFO] --------------------------------------------------------------------------------
[20:31:02][ERROR] --------------------------------------------------------------------------------
[20:31:02][ERROR] ✗ FAILED: Standard DE
[20:31:02][ERROR]   Error: Process returned non-zero exit code: 1
[20:31:02][ERROR]   Duration before failure: 5.0 seconds
[20:31:02][ERROR] ================================================================================
[20:31:02][INFO] 
Progress: 1/3 optimizers completed
[20:31:02][INFO] Elapsed time: 0.00 hours
[20:31:02][INFO] Estimated remaining time: 0.00 hours
[20:31:02][INFO] Estimated total time: 0.00 hours

[20:31:02][INFO] 
================================================================================
[20:31:02][INFO] OPTIMIZER 2/3
[20:31:02][INFO] ================================================================================

[20:31:02][INFO] ================================================================================
[20:31:02][INFO] STARTING TUNING: EvoX ODE (ode)
[20:31:02][INFO] ================================================================================
[20:31:02][INFO] Script: optuna_ode_tune.py
[20:31:02][INFO] Tunable parameters: base_vector, num_difference_vectors, differential_weight, cross_probability
[20:31:02][INFO] Command: uv run python optuna_ode_tune.py --model_path models/tsp_100_model_63108.pt --instances_path instances/tsp/test/tsp100_10inst_w_optimal.pkl --n_trials 1 --tune_n_instances 1 --batch_size 300 --search_timelimit 75 --seed 1234
[20:31:02][INFO] --------------------------------------------------------------------------------
[20:32:24][INFO] --------------------------------------------------------------------------------
[20:32:24][INFO] ✓ COMPLETED: EvoX ODE
[20:32:24][INFO]   Duration: 82.3 seconds (1.4 minutes)
[20:32:24][INFO] ================================================================================
[20:32:24][INFO] 
Progress: 2/3 optimizers completed
[20:32:24][INFO] Elapsed time: 0.02 hours
[20:32:24][INFO] Estimated remaining time: 0.01 hours
[20:32:24][INFO] Estimated total time: 0.04 hours

[20:32:24][INFO] 
================================================================================
[20:32:24][INFO] OPTIMIZER 3/3
[20:32:24][INFO] ================================================================================

[20:32:24][INFO] ================================================================================
[20:32:24][INFO] STARTING TUNING: Standard CMA-ES (cmaes)
[20:32:24][INFO] ================================================================================
[20:32:24][INFO] Script: optuna_cmaes_tune.py
[20:32:24][INFO] Tunable parameters: sigma0, CMA_rankmu, CMA_rankone
[20:32:24][INFO] Command: uv run python optuna_cmaes_tune.py --model_path models/tsp_100_model_63108.pt --instances_path instances/tsp/test/tsp100_10inst_w_optimal.pkl --n_trials 1 --tune_n_instances 1 --batch_size 300 --search_timelimit 75 --seed 1234
[20:32:24][INFO] --------------------------------------------------------------------------------
[20:33:45][INFO] --------------------------------------------------------------------------------
[20:33:45][INFO] ✓ COMPLETED: Standard CMA-ES
[20:33:45][INFO]   Duration: 80.8 seconds (1.3 minutes)
[20:33:45][INFO] ================================================================================
[20:33:45][INFO] 
Progress: 3/3 optimizers completed
[20:33:45][INFO] Elapsed time: 0.05 hours
[20:33:45][INFO] Estimated remaining time: 0.00 hours
[20:33:45][INFO] Estimated total time: 0.05 hours

[20:33:45][INFO] ================================================================================
[20:33:45][INFO] MASTER TUNING SUMMARY
[20:33:45][INFO] ================================================================================
[20:33:45][INFO] Total optimizers: 3
[20:33:45][INFO] Successful: 2
[20:33:45][INFO] Failed: 1
[20:33:45][INFO] Total duration: 0.05 hours (2.8 minutes)
[20:33:45][INFO] Summary saved to: tuning_summary.json
[20:33:45][INFO] ================================================================================
[20:33:45][INFO] 
Successful tunings:
[20:33:45][INFO]   ✓ EvoX ODE (ode) - 1.4 min
[20:33:45][INFO]   ✓ Standard CMA-ES (cmaes) - 1.3 min
[20:33:45][INFO] 
Failed tunings:
[20:33:45][INFO]   ✗ Standard DE (de) - Process returned non-zero exit code: 1
[20:33:45][WARNING] 
1 optimizer(s) failed. Check logs for details.
