[21:31:39][INFO] ================================================================================
[21:31:39][INFO] MASTER HYPERPARAMETER TUNING ORCHESTRATION
[21:31:39][INFO] ================================================================================
[21:31:39][INFO] Model: models/tsp_100_model_63108.pt
[21:31:39][INFO] Instances: instances/tsp/test/tsp100_10inst_w_optimal.pkl
[21:31:39][INFO] Trials per optimizer: 1
[21:31:39][INFO] Tuning instances: 1
[21:31:39][INFO] Batch size: 300
[21:31:39][INFO] Time limit: 75.0s per instance
[21:31:39][INFO] Seed: 1234
[21:31:39][INFO] Resume existing studies: False
[21:31:39][INFO] Log file: logs/master_tuning_20251112_213139.log
[21:31:39][INFO] --------------------------------------------------------------------------------
[21:31:39][INFO] Total optimizers to tune: 1
[21:31:39][INFO] Optimizers: jade
[21:31:39][INFO] Estimated total time: 3.1 hours
[21:31:39][INFO]   (Assuming ~3.1 hours per optimizer with 50 trials)
[21:31:39][INFO] ================================================================================
[21:31:39][INFO] 
================================================================================
[21:31:39][INFO] OPTIMIZER 1/1
[21:31:39][INFO] ================================================================================

[21:31:39][INFO] ================================================================================
[21:31:39][INFO] STARTING TUNING: EvoX JADE (jade)
[21:31:39][INFO] ================================================================================
[21:31:39][INFO] Script: optuna_jade_tune.py
[21:31:39][INFO] Tunable parameters: jade_c, jade_num_diff_vectors
[21:31:39][INFO] Command: uv run python optuna_jade_tune.py --model_path models/tsp_100_model_63108.pt --instances_path instances/tsp/test/tsp100_10inst_w_optimal.pkl --n_trials 1 --tune_n_instances 1 --batch_size 300 --search_timelimit 75 --seed 1234 --load_if_exists
[21:31:39][INFO] --------------------------------------------------------------------------------
[21:33:02][INFO] --------------------------------------------------------------------------------
[21:33:02][INFO] ✓ COMPLETED: EvoX JADE
[21:33:02][INFO]   Duration: 82.8 seconds (1.4 minutes)
[21:33:02][INFO] ================================================================================
[21:33:02][INFO] 
Progress: 1/1 optimizers completed
[21:33:02][INFO] Elapsed time: 0.02 hours
[21:33:02][INFO] Estimated remaining time: 0.00 hours
[21:33:02][INFO] Estimated total time: 0.02 hours

[21:33:02][INFO] ================================================================================
[21:33:02][INFO] MASTER TUNING SUMMARY
[21:33:02][INFO] ================================================================================
[21:33:02][INFO] Total optimizers: 1
[21:33:02][INFO] Successful: 1
[21:33:02][INFO] Failed: 0
[21:33:02][INFO] Total duration: 0.02 hours (1.4 minutes)
[21:33:02][INFO] Summary saved to: tuning_summary.json
[21:33:02][INFO] ================================================================================
[21:33:02][INFO] 
Successful tunings:
[21:33:02][INFO]   ✓ EvoX JADE (jade) - 1.4 min
[21:33:02][INFO] 
✓ All optimizers tuned successfully!
